{"type":"server-started","port":60254,"host":"127.0.0.1","url_host":"localhost","url":"http://localhost:60254","screen_dir":"/Users/nicholausadhyatma/Project/freelance-os/.superpowers/brainstorm/29504-1780287547/content","state_dir":"/Users/nicholausadhyatma/Project/freelance-os/.superpowers/brainstorm/29504-1780287547/state"}
{"type":"screen-added","file":"/Users/nicholausadhyatma/Project/freelance-os/.superpowers/brainstorm/29504-1780287547/content/audit.html"}
{"source":"user-event","type":"click","text":"A\n    \n      Design Tokens & CSS Variables\n      Centralize duplicate status colors, consolidate hardcoded oklch values, standardize semantic tokens across all components","choice":"tokens","id":null,"timestamp":1780287612652}
{"source":"user-event","type":"click","text":"B\n    \n      Typography & Visual Hierarchy\n      Add heading font variant, establish type scale, differentiate body/heading/mono styles, add reading line-height","choice":"typography","id":null,"timestamp":1780287615225}
{"source":"user-event","type":"click","text":"A\n    \n      Design Tokens & CSS Variables\n      Centralize duplicate status colors, consolidate hardcoded oklch values, standardize semantic tokens across all components","choice":"tokens","id":null,"timestamp":1780287615757}
{"source":"user-event","type":"click","text":"B\n    \n      Typography & Visual Hierarchy\n      Add heading font variant, establish type scale, differentiate body/heading/mono styles, add reading line-height","choice":"typography","id":null,"timestamp":1780287616583}
{"source":"user-event","type":"click","text":"C\n    \n      Component Consistency\n      Build StatusBadge, StatusBadgeGroup components, standardize all status styling to use tokens, audit card/sheet patterns","choice":"components","id":null,"timestamp":1780287617083}
{"source":"user-event","type":"click","text":"D\n    \n      Motion & Animation\n      Define entrance animations, page transitions, micro-interactions, loading states — consistent easing and duration tokens","choice":"animation","id":null,"timestamp":1780287617782}
{"source":"user-event","type":"click","text":"A\n    \n      Design Tokens & CSS Variables\n      Centralize duplicate status colors, consolidate hardcoded oklch values, standardize semantic tokens across all components","choice":"tokens","id":null,"timestamp":1780287621200}
{"source":"user-event","type":"click","text":"B\n    \n      Typography & Visual Hierarchy\n      Add heading font variant, establish type scale, differentiate body/heading/mono styles, add reading line-height","choice":"typography","id":null,"timestamp":1780287622765}
{"source":"user-event","type":"click","text":"A\n    \n      Design Tokens & CSS Variables\n      Centralize duplicate status colors, consolidate hardcoded oklch values, standardize semantic tokens across all components","choice":"tokens","id":null,"timestamp":1780287625741}
{"source":"user-event","type":"click","text":"B\n    \n      Typography & Visual Hierarchy\n      Add heading font variant, establish type scale, differentiate body/heading/mono styles, add reading line-height","choice":"typography","id":null,"timestamp":1780287626308}
{"source":"user-event","type":"click","text":"C\n    \n      Component Consistency\n      Build StatusBadge, StatusBadgeGroup components, standardize all status styling to use tokens, audit card/sheet patterns","choice":"components","id":null,"timestamp":1780287628791}
{"source":"user-event","type":"click","text":"B\n    \n      Typography & Visual Hierarchy\n      Add heading font variant, establish type scale, differentiate body/heading/mono styles, add reading line-height","choice":"typography","id":null,"timestamp":1780287629716}
{"source":"user-event","type":"click","text":"C\n    \n      Component Consistency\n      Build StatusBadge, StatusBadgeGroup components, standardize all status styling to use tokens, audit card/sheet patterns","choice":"components","id":null,"timestamp":1780287630640}
{"source":"user-event","type":"click","text":"D\n    \n      Motion & Animation\n      Define entrance animations, page transitions, micro-interactions, loading states — consistent easing and duration tokens","choice":"animation","id":null,"timestamp":1780287632123}
{"source":"user-event","type":"click","text":"C\n    \n      Component Consistency\n      Build StatusBadge, StatusBadgeGroup components, standardize all status styling to use tokens, audit card/sheet patterns","choice":"components","id":null,"timestamp":1780287632815}
{"type":"screen-added","file":"/Users/nicholausadhyatma/Project/freelance-os/.superpowers/brainstorm/29504-1780287547/content/waiting-1.html"}
{"type":"screen-added","file":"/Users/nicholausadhyatma/Project/freelance-os/.superpowers/brainstorm/29504-1780287547/content/approach.html"}
{"type":"server-stopped","reason":"idle timeout"}
